// Vitest Snapshot v1, https://vitest.dev/guide/snapshot.html

exports[`printTest > prints error trace if \`withTrace\` is true 1`] = `""`;

exports[`printTest > prints the test with all steps if \`allSteps\` is true 1`] = `""`;

exports[`printTest > prints the test with all steps if allSteps is true 1`] = `""`;

exports[`printTest > prints the test without passed steps 1`] = `""`;

exports[`printTest > prints the test without steps if there are no failed steps 1`] = `""`;
