// Vitest Snapshot v1, https://vitest.dev/guide/snapshot.html

exports[`stringifyStepResultTitle > returns title with status, name and duration 1`] = `"[32mâœ“[39m step [33m100ms[39m"`;

exports[`stringifyTestResultTitle > returns title with status, name and duration 1`] = `"[32mâœ“[39m [33m100ms[39m"`;
